#-----------------------------------------------------------
# Vivado v2021.2 (64-bit)
# SW Build 3367213 on Tue Oct 19 02:47:39 MDT 2021
# IP Build 3369179 on Thu Oct 21 08:25:16 MDT 2021
# Start of session at: Tue Apr 18 09:39:32 2023
# Process ID: 83484
# Current directory: /home/albini/Documents/ESL/X_HEEP_FW/x-heep
# Command line: vivado
# Log file: /home/albini/Documents/ESL/X_HEEP_FW/x-heep/vivado.log
# Journal file: /home/albini/Documents/ESL/X_HEEP_FW/x-heep/vivado.jou
# Running On: eslpc36, OS: Linux, CPU Frequency: 3600.000 MHz, CPU Physical cores: 4, Host memory: 33520 MB
#-----------------------------------------------------------
start_gui
open_project /home/albini/Documents/ESL/X_HEEP_FW/x-heep/build/openhwgroup.org_systems_core-v-mini-mcu_0/pynq-z2-vivado/openhwgroup.org_systems_core-v-mini-mcu_0.xpr
open_hw_manager
connect_hw_server -allow_non_jtag
open_hw_target
set_property PROGRAM.FILE {/home/albini/Documents/ESL/X_HEEP_FW/x-heep/build/openhwgroup.org_systems_core-v-mini-mcu_0/pynq-z2-vivado/openhwgroup.org_systems_core-v-mini-mcu_0.runs/impl_1/xilinx_core_v_mini_mcu_wrapper.bit} [get_hw_devices xc7z020_1]
current_hw_device [get_hw_devices xc7z020_1]
refresh_hw_device -update_hw_probes false [lindex [get_hw_devices xc7z020_1] 0]
set_property PROBES.FILE {} [get_hw_devices xc7z020_1]
set_property FULL_PROBES.FILE {} [get_hw_devices xc7z020_1]
set_property PROGRAM.FILE {/home/albini/Documents/ESL/X_HEEP_FW/x-heep/build/openhwgroup.org_systems_core-v-mini-mcu_0/pynq-z2-vivado/openhwgroup.org_systems_core-v-mini-mcu_0.runs/impl_1/xilinx_core_v_mini_mcu_wrapper.bit} [get_hw_devices xc7z020_1]
program_hw_devices [get_hw_devices xc7z020_1]
refresh_hw_device [lindex [get_hw_devices xc7z020_1] 0]
